[2026-03-09 10:24:46] [TRACE]   [OmnipathR] Reading JSON from `/Users/XXW004/Library/Caches/OmnipathR/cache.json` (encoding: UTF-8).
[2026-03-09 10:24:46] [TRACE]   [OmnipathR] JSON validation successful: TRUE
[2026-03-09 10:24:46] [INFO]    [OmnipathR] Initialized cache: `/Users/XXW004/Library/Caches/OmnipathR`.
[2026-03-09 10:24:46] [INFO]    [OmnipathR] Package `OmnipathR` packaged: 2025-06-17 18:02:53 UTC; XXW004
[2026-03-09 10:24:46] [INFO]    [OmnipathR] Package `OmnipathR` date/publication: NA
[2026-03-09 10:24:46] [INFO]    [OmnipathR] Package `OmnipathR` built: R 4.4.2; ; 2025-06-17 18:02:54 UTC; unix
[2026-03-09 10:24:46] [INFO]    [OmnipathR] Package `OmnipathR` version: 3.15.99
[2026-03-09 10:24:46] [INFO]    [OmnipathR] Package `OmnipathR` repository: NA
[2026-03-09 10:24:52] [INFO]    [OmnipathR] Session info: [version=R version 4.4.2 (2024-10-31); os=macOS 26.3; system=aarch64, darwin20; ui=X11; language=(EN); collate=en_US.UTF-8; ctype=en_US.UTF-8; tz=America/New_York; date=2026-03-09; pandoc=3.1.1 @ /Applications/RStudio.app/Contents/Resources/app/quarto/bin/tools/ (via rmarkdown); quarto=1.3.353 @ /Applications/RStudio.app/Contents/Resources/app/quarto/bin/quarto]
[2026-03-09 10:24:52] [INFO]    [OmnipathR] External libraries: [cairo=1.17.6; cairoFT=; pango=1.50.14; png=1.6.40; jpeg=9.5; tiff=LIBTIFF, Version 4.5.0; tcl=8.6.13; curl=8.7.1; zlib=1.2.12; bzlib=1.0.8, 13-Jul-2019; xz=5.4.4; deflate=; PCRE=10.42 2022-12-11; ICU=76.1; TRE=TRE 0.8.0 R_fixes (BSD); iconv=Apple or GNU libiconv 1.11; readline=5.2; BLAS=/Library/Frameworks/R.framework/Versions/4.4-arm64/Resources/lib/libRblas.0.dylib; lapack=/Library/Frameworks/R.framework/Versions/4.4-arm64/Resources/lib/libRlapack.dylib; lapack_version=3.12.0]
[2026-03-09 10:24:52] [INFO]    [OmnipathR] Loaded packages: abind 1.4-8(2024-09-12); backports 1.5.0(2024-05-23); Biobase 2.66.0(2024-11-08); BiocGenerics 0.52.0(2024-11-08); BiocParallel 1.40.2(2025-04-08); bit 4.6.0(2025-03-06); bit64 4.6.0-1(2025-01-16); blob 1.3.0(2026-01-14); cachem 1.1.0(2024-05-16); cellranger 1.1.0(2016-07-27); checkmate 2.3.4(2026-02-03); cli 3.6.5(2025-04-23); codetools 0.2-20(2024-03-31); colorspace 2.1-2(2025-09-22); crayon 1.5.3(2024-06-20); curl 7.0.0(2025-08-19); DBI 1.2.3(2024-06-02); DelayedArray 0.32.0(2024-11-08); DESeq2 1.46.0(2024-11-08); dichromat 2.0-0.1(2022-05-02); digest 0.6.39(2025-11-19); dplyr 1.1.4(2023-11-17); evaluate 1.0.5(2025-08-27); farver 2.1.2(2024-05-13); fastmap 1.2.0(2024-05-15); fs 1.6.6(2025-04-12); generics 0.1.4(2025-05-09); GenomeInfoDb 1.42.3(2025-01-27); GenomeInfoDbData 1.2.13(2025-01-21); GenomicRanges 1.58.0(2024-11-08); ggplot2 4.0.2(2026-02-03); glue 1.8.0(2024-09-30); gtable 0.3.6(2024-10-25); hms 1.1.4(2025-10-17); htmltools 0.5.9(2025-12-04); httr 1.4.7(2023-08-15); httr2 1.2.2(2025-12-08); igraph 2.2.2(2026-02-12); IRanges 2.40.1(2024-12-05); jsonlite 2.0.0(2025-03-27); knitr 1.51(2025-12-20); later 1.4.6(2026-02-13); lattice 0.22-7(2025-04-02); lifecycle 1.0.5(2026-01-08); locfit 1.5-9.12(2025-03-05); logger 0.4.1(2025-09-11); lubridate 1.9.5(2026-02-04); magrittr 2.0.4(2025-09-12); Matrix 1.7-4(2025-08-28); MatrixGenerics 1.18.1(2025-01-09); matrixStats 1.5.0(2025-01-07); memoise 2.0.1(2021-11-26); OmnipathR 3.15.99(2025-06-17); otel 0.2.0(2025-08-29); pillar 1.11.1(2025-09-17); pkgconfig 2.0.3(2019-09-22); prettyunits 1.2.0(2023-09-24); progress 1.2.3(2023-12-06); purrr 1.2.1(2026-01-09); R.methodsS3 1.8.2(2022-06-13); R.oo 1.27.1(2025-05-02); R.utils 2.13.0(2025-02-24); R6 2.6.1(2025-02-15); rappdirs 0.3.4(2026-01-17); RColorBrewer 1.1-3(2022-04-03); Rcpp 1.1.1(2026-01-10); readr 2.1.6(2025-11-14); readxl 1.4.5(2025-03-07); rlang 1.1.7(2026-01-09); rmarkdown 2.30(2025-09-28); RSQLite 2.4.6(2026-02-06); rstudioapi 0.18.0(2026-01-16); rvest 1.0.5(2025-08-29); S4Arrays 1.6.0(2024-11-08); S4Vectors 0.44.0(2024-11-08); S7 0.2.1(2025-11-14); scales 1.4.0(2025-04-24); sessioninfo 1.2.3(2025-02-05); SparseArray 1.6.2(2025-02-20); stringi 1.8.7(2025-03-27); stringr 1.6.0(2025-11-04); SummarizedExperiment 1.36.0(2024-11-08); tibble 3.3.1(2026-01-11); tidyr 1.3.2(2025-12-19); tidyselect 1.2.1(2024-03-11); timechange 0.4.0(2026-01-29); tzdb 0.5.0(2025-03-15); UCSC.utils 1.2.0(2024-11-08); vctrs 0.7.1(2026-01-23); withr 3.0.2(2024-10-28); xfun 0.56(2026-01-18); XML 3.99-0.22(2026-02-10); xml2 1.5.2(2026-01-17); XVector 0.46.0(2024-11-08); yaml 2.3.12(2025-12-10); zip 2.3.3(2025-05-13); zlibbioc 1.52.0(2024-11-08)
[2026-03-09 10:24:52] [INFO]    [OmnipathR] CURL: version: 8.14.1; headers: 8.14.1; ssl_version: LibreSSL/3.3.6 (SecureTransport); libz_version: 1.2.12; libssh_version: NA; libidn_version: NA; host: aarch64-apple-darwin23.6.0; protocols: dict, file, ftp, ftps, gopher, gophers, http, https, imap, imaps, ldap, ldaps, mqtt, pop3, pop3s, rtsp, smb, smbs, smtp, smtps, telnet, tftp, ws, wss; ipv6: TRUE; http2: TRUE; idn: FALSE; url_parser: TRUE
[2026-03-09 10:24:52] [TRACE]   [OmnipathR] Reading JSON from `/Users/XXW004/Library/R/arm64/4.4/library/OmnipathR/db/db_def.json` (encoding: UTF-8).
[2026-03-09 10:24:52] [TRACE]   [OmnipathR] JSON validation successful: TRUE
[2026-03-09 10:24:52] [TRACE]   [OmnipathR] Reading JSON from `/Users/XXW004/Library/R/arm64/4.4/library/OmnipathR/internal/magic_bytes.json` (encoding: UTF-8).
[2026-03-09 10:24:52] [TRACE]   [OmnipathR] JSON validation successful: TRUE
[2026-03-09 10:24:52] [TRACE]   [OmnipathR] Reading JSON from `/Users/XXW004/Library/R/arm64/4.4/library/OmnipathR/internal/urls.json` (encoding: UTF-8).
[2026-03-09 10:24:52] [TRACE]   [OmnipathR] JSON validation successful: TRUE
[2026-03-09 10:24:52] [TRACE]   [OmnipathR] Reading JSON from `/Users/XXW004/Library/R/arm64/4.4/library/OmnipathR/internal/id_types.json` (encoding: UTF-8).
[2026-03-09 10:24:52] [TRACE]   [OmnipathR] JSON validation successful: TRUE
